==================================================================
EDA TOOL RUN LOG -- STAGE: compile
==================================================================
[INFO] Initializing design environment...
[INFO] Reading technology library cells...
[INFO] Analyzing clock tree for target frequency: 800 MHz.

--- DESIGN METRICS ---
[DATA] Total Gate Count = 31526
[DATA] Worst Negative Slack (WNS) = -0.10 ns

--- RUN STATUS ---
[STATUS] Finished execution of stage: compile
[RESULT] ERROR: Timing violations detected! WNS is negative.
==================================================================